// Jest Snapshot v1, https://goo.gl/fbAQLP

exports[`Component testing for <CreateColorButton/> <CreateColorButton should render 1`] = `
<span
  className=""
  onClick={[Function]}
  onMouseEnter={[Function]}
  onMouseLeave={[Function]}
>
  <button
    className="colored-button"
    data="166 - Acorn"
  />
</span>
`;

exports[`Component testing for <CreateColorButton/> <CreateColorButton/> renders as expected 1`] = `
<span
  className=""
  onClick={[Function]}
  onMouseEnter={[Function]}
  onMouseLeave={[Function]}
>
  <button
    className="colored-button"
    data="166 - Acorn"
  />
</span>
`;

exports[`Component testing for <CreateColorButton/> Color should equal '166 - Acorn' 1`] = `
<span
  className=""
  onClick={[Function]}
  onMouseEnter={[Function]}
  onMouseLeave={[Function]}
>
  <button
    className="colored-button"
    data="166 - Acorn"
  />
</span>
`;
