// Jest Snapshot v1, https://goo.gl/fbAQLP

exports[`Component testing for <SizeMenu/> <SizeMenu/> snapshot 1`] = `
<div>
  <select
    className="sc-AxjAm fGLTcM"
  >
    <option
      className="placeholder"
      defaultValue="One Size"
      hidden={true}
    >
      One Size
    </option>
    <option>
      One Size
    </option>
  </select>
</div>
`;
